
> el-silencio-koffee-frontend@0.0.0 start:e2e
> npm run prepare:runtime-env && ng serve --host 127.0.0.1 --port 4200


> el-silencio-koffee-frontend@0.0.0 prepare:runtime-env
> node scripts/generate-runtime-env.mjs

[runtime-env] Generated C:\Users\SANTIAGO DUQUE\Documents\Universidad\2026-1\Proy. Desarrollo\ElSilencioKoffee-Frontend\public\env.js
[33m>[39m Building...
[32m√[39m Building...
[1mInitial chunk files[22m[2m | [22m[1mNames[22m                             [2m | [22m [1mRaw size[22m
[32mmain.js[39m            [2m | [22m[2mmain[22m                              [2m | [22m[36m127.06 kB[39m[2m | [22m
[32mchunk-YX6UI7DR.js[39m  [2m | [22m[2m-[22m                                 [2m | [22m [36m59.17 kB[39m[2m | [22m
[32mstyles.css[39m         [2m | [22m[2mstyles[22m                            [2m | [22m [36m56.63 kB[39m[2m | [22m
[32mchunk-W7V2L5LD.js[39m  [2m | [22m[2m-[22m                                 [2m | [22m [36m23.92 kB[39m[2m | [22m
[32mchunk-FYZKPG5J.js[39m  [2m | [22m[2m-[22m                                 [2m | [22m [36m12.91 kB[39m[2m | [22m
[32mchunk-MWUXA7FS.js[39m  [2m | [22m[2m-[22m                                 [2m | [22m [36m10.54 kB[39m[2m | [22m
[32mchunk-LYVFF6FO.js[39m  [2m | [22m[2m-[22m                                 [2m | [22m  [36m7.64 kB[39m[2m | [22m
[32mchunk-EC637AVO.js[39m  [2m | [22m[2m-[22m                                 [2m | [22m  [36m7.25 kB[39m[2m | [22m
[32mchunk-3WQDSBA3.js[39m  [2m | [22m[2m-[22m                                 [2m | [22m  [36m6.08 kB[39m[2m | [22m
[32mchunk-LDPS4G6S.js[39m  [2m | [22m[2m-[22m                                 [2m | [22m  [36m4.39 kB[39m[2m | [22m
[32mchunk-SPA7Q52H.js[39m  [2m | [22m[2m-[22m                                 [2m | [22m  [36m3.58 kB[39m[2m | [22m
[32mchunk-WZIPBLTR.js[39m  [2m | [22m[2m-[22m                                 [2m | [22m  [36m3.01 kB[39m[2m | [22m
[32mchunk-IBTIQKS7.js[39m  [2m | [22m[2m-[22m                                 [2m | [22m  [36m1.55 kB[39m[2m | [22m
[32mchunk-T54JFVVA.js[39m  [2m | [22m[2m-[22m                                 [2m | [22m  [36m1.33 kB[39m[2m | [22m
[32mchunk-THXJJHDA.js[39m  [2m | [22m[2m-[22m                                 [2m | [22m  [36m1.33 kB[39m[2m | [22m
[32mchunk-VUJOFXKG.js[39m  [2m | [22m[2m-[22m                                 [2m | [22m[36m938 bytes[39m[2m | [22m
[32mchunk-KSOI2V65.js[39m  [2m | [22m[2m-[22m                                 [2m | [22m[36m212 bytes[39m[2m | [22m

[1m [22m                  [2m | [22m[1mInitial total[22m                     [2m | [22m[1m327.55 kB[22m

[1mLazy chunk files[22m   [2m | [22m[1mNames[22m                             [2m | [22m [1mRaw size[22m
[32mchunk-4V6S3M73.js[39m  [2m | [22m[2mdashboard-products-page-component[22m [2m | [22m [36m66.21 kB[39m[2m | [22m
[32mchunk-EYN3GON4.js[39m  [2m | [22m[2mdashboard-orders-page-component[22m   [2m | [22m [36m59.87 kB[39m[2m | [22m
[32mchunk-N7GIQWUH.js[39m  [2m | [22m[2mdashboard-users-page-component[22m    [2m | [22m [36m50.20 kB[39m[2m | [22m
[32mchunk-MA53U2EC.js[39m  [2m | [22m[2mauth-container-component[22m          [2m | [22m [36m49.38 kB[39m[2m | [22m
[32mchunk-S24TLCGI.js[39m  [2m | [22m[2mcheckout-page-component[22m           [2m | [22m [36m32.01 kB[39m[2m | [22m
[32mchunk-EVHRPSHY.js[39m  [2m | [22m[2mdashboard-analytics-page-component[22m[2m | [22m [36m28.67 kB[39m[2m | [22m
[32mchunk-OMIXCJZI.js[39m  [2m | [22m[2morder-detail-page-component[22m       [2m | [22m [36m27.74 kB[39m[2m | [22m
[32mchunk-5AGH5ZA3.js[39m  [2m | [22m[2mdashboard-home-page-component[22m     [2m | [22m [36m27.51 kB[39m[2m | [22m
[32mchunk-MT6JHZ2H.js[39m  [2m | [22m[2mhome-page-component[22m               [2m | [22m [36m21.59 kB[39m[2m | [22m
[32mchunk-Z3ZBIJZL.js[39m  [2m | [22m[2mpassword-recovery-page-component[22m  [2m | [22m [36m17.21 kB[39m[2m | [22m
[32mchunk-4VQNWHBA.js[39m  [2m | [22m[2mdashboard-settings-page-component[22m [2m | [22m [36m15.08 kB[39m[2m | [22m
[32mchunk-I3YYREMS.js[39m  [2m | [22m[2mchange-password-page-component[22m    [2m | [22m [36m14.90 kB[39m[2m | [22m
[32mchunk-B5E4YNDW.js[39m  [2m | [22m[2m-[22m                                 [2m | [22m [36m14.15 kB[39m[2m | [22m
[32mchunk-EFOXVY3N.js[39m  [2m | [22m[2m-[22m                                 [2m | [22m [36m13.63 kB[39m[2m | [22m
[32mchunk-HX5Q5JT3.js[39m  [2m | [22m[2mcart-page-component[22m               [2m | [22m [36m13.58 kB[39m[2m | [22m
[2m...and 29 more lazy chunks files. Use "--verbose" to show all the files.[22m

Application bundle generation complete. [15.800 seconds] - 2026-05-11T01:59:11.546Z

Watch mode enabled. Watching for file changes...
NOTE: Raw file sizes do not reflect development server per-request transformations.
  [32m➜[39m  [1mLocal[22m:   [36mhttp://127.0.0.1:[1m4200[22m/[39m
